[183月2026 17:55:11.038] [main/INFO] [cpw.mods.modlauncher.Launcher/MODLAUNCHER]: ModLauncher running: args [--username, zhaodaxia, --version, 1.21.1, --gameDir, C:\Users\hp\.trident\instances\gene_hunter\build, --assetsDir, C:\Users\hp\.trident\cache\assets, --assetIndex, 17, --uuid, 8c2ba9e032a5063588dc756f50971af9, --accessToken, ❄❄❄❄❄❄❄❄, --userType, legacy, --versionType, Polymerium, --fml.neoForgeVersion, 21.1.220, --fml.fmlVersion, 4.0.42, --fml.mcVersion, 1.21.1, --fml.neoFormVersion, 20240808.144430, --launchTarget, forgeclient, --width, 1270, --height, 720, --quickPlayMultiplayer, ]
[183月2026 17:55:11.043] [main/INFO] [cpw.mods.modlauncher.Launcher/MODLAUNCHER]: JVM identified as Azul Systems, Inc. OpenJDK 64-Bit Server VM 21.0.8+9-LTS
[183月2026 17:55:11.045] [main/INFO] [cpw.mods.modlauncher.Launcher/MODLAUNCHER]: ModLauncher 11.0.5+main.901c6ea8 starting: java version 21.0.8 by Azul Systems, Inc.; OS Windows 11 arch amd64 version 10.0
[183月2026 17:55:11.150] [main/INFO] [net.neoforged.fml.loading.ImmediateWindowHandler/]: Loading ImmediateWindowProvider fmlearlywindow
[183月2026 17:55:11.233] [main/INFO] [EARLYDISPLAY/]: Trying GL version 4.6
[183月2026 17:55:11.458] [main/INFO] [EARLYDISPLAY/]: Requested GL version 4.6 got version 4.6
[183月2026 17:55:11.568] [main/INFO] [mixin/]: SpongePowered MIXIN Subsystem Version=0.8.7 Source=union:/C:/Users/hp/.trident/cache/libraries/net/fabricmc/sponge-mixin/0.15.2+mixin.0.8.7/sponge-mixin-0.15.2+mixin.0.8.7.jar%23159!/ Service=ModLauncher Env=CLIENT
[183月2026 17:55:11.768] [pool-2-thread-1/INFO] [EARLYDISPLAY/]: GL info: NVIDIA GeForce RTX 4060 Laptop GPU/PCIe/SSE2 GL version 4.6.0 NVIDIA 595.71, NVIDIA Corporation
[183月2026 17:55:11.858] [main/INFO] [net.neoforged.fml.loading.moddiscovery.ModDiscoverer/SCAN]: Found mod file "client-1.21.1-20240808.144430-srg.jar" [locator: production client provider +net.neoforged:neoforge:21.1.220:client]
[183月2026 17:55:11.878] [main/INFO] [net.neoforged.fml.loading.moddiscovery.ModDiscoverer/SCAN]: Found mod file "neoforge-21.1.220-universal.jar" [locator: PathBasedLocator[name=neoforge, paths=[C:\Users\hp\.trident\cache\libraries\net\neoforged\neoforge\21.1.220\neoforge-21.1.220-universal.jar]], reader: mod manifest]
[183月2026 17:55:11.889] [main/INFO] [net.neoforged.fml.loading.moddiscovery.ModDiscoverer/SCAN]: Found mod file "jei-1.21.1-neoforge-19.27.0.340.jar" [locator: {mods folder locator at C:\Users\hp\.trident\instances\gene_hunter\build\mods}, reader: mod manifest]
[183月2026 17:55:11.901] [main/INFO] [net.neoforged.fml.loading.moddiscovery.ModDiscoverer/SCAN]: Found mod file "kubejs-neoforge-2101.7.2-build.348.jar" [locator: {mods folder locator at C:\Users\hp\.trident\instances\gene_hunter\build\mods}, reader: mod manifest]
[183月2026 17:55:11.901] [main/INFO] [net.neoforged.fml.loading.moddiscovery.ModDiscoverer/SCAN]: Found mod file "rhino-2101.2.7-build.81.jar" [locator: {mods folder locator at C:\Users\hp\.trident\instances\gene_hunter\build\mods}, reader: mod manifest]
[183月2026 17:55:12.012] [main/INFO] [net.neoforged.fml.loading.moddiscovery.locators.JarInJarDependencyLocator/]: Found 4 dependencies adding them to mods collection
[183月2026 17:55:12.012] [main/INFO] [net.neoforged.fml.loading.moddiscovery.ModDiscoverer/SCAN]: Found gamelibrary file "mixinextras-neoforge-0.5.0.jar" [parent: neoforge-21.1.220-universal.jar, locator: jarinjar, reader: mod manifest]
[183月2026 17:55:12.012] [main/INFO] [net.neoforged.fml.loading.moddiscovery.ModDiscoverer/SCAN]: Found library file "animated-gif-lib-for-java-animated-gif-lib-1.7.jar" [parent: kubejs-neoforge-2101.7.2-build.348.jar, locator: jarinjar]
[183月2026 17:55:12.012] [main/INFO] [net.neoforged.fml.loading.moddiscovery.ModDiscoverer/SCAN]: Found library file "tiny-java-server-1.0.0-build.33.jar" [parent: kubejs-neoforge-2101.7.2-build.348.jar, locator: jarinjar]
[183月2026 17:55:12.012] [main/INFO] [net.neoforged.fml.loading.moddiscovery.ModDiscoverer/SCAN]: Found library file "net.neoforged.neoforge-coremods-21.1.220.jar" [parent: neoforge-21.1.220-universal.jar, locator: jarinjar, reader: mod manifest]
[183月2026 17:55:12.012] [main/INFO] [net.neoforged.fml.loading.moddiscovery.ModDiscoverer/]: 
     Mod List:
		Name Version (Mod Id)

		Just Enough Items 19.27.0.340 (jei)
		KubeJS 2101.7.2-build.348 (kubejs)
		Minecraft 1.21.1 (minecraft)
		NeoForge 21.1.220 (neoforge)
		Rhino 2101.2.7-build.81 (rhino)
[183月2026 17:55:12.438] [main/INFO] [mixin/]: Compatibility level set to JAVA_21
[183月2026 17:55:12.444] [main/INFO] [cpw.mods.modlauncher.LaunchServiceHandler/MODLAUNCHER]: Launching target 'forgeclient' with arguments [--version, 1.21.1, --gameDir, C:\Users\hp\.trident\instances\gene_hunter\build, --assetsDir, C:\Users\hp\.trident\cache\assets, --uuid, 8c2ba9e032a5063588dc756f50971af9, --username, zhaodaxia, --assetIndex, 17, --accessToken, ❄❄❄❄❄❄❄❄, --userType, legacy, --versionType, Polymerium, --width, 1270, --height, 720, --quickPlayMultiplayer, ]
[183月2026 17:55:12.868] [main/INFO] [MixinExtras|Service/]: Initializing MixinExtras via com.llamalad7.mixinextras.service.MixinExtrasServiceImpl(version=0.5.0).
[183月2026 17:55:14.307] [Datafixer Bootstrap/INFO] [com.mojang.datafixers.DataFixerBuilder/]: 229 Datafixer optimizations took 416 milliseconds
[183月2026 17:55:19.364] [Render thread/WARN] [net.minecraft.server.packs.VanillaPackResourcesBuilder/]: Assets URL 'union:/C:/Users/hp/.trident/cache/libraries/net/minecraft/client/1.21.1-20240808.144430/client-1.21.1-20240808.144430-srg.jar%23183!/assets/.mcassetsroot' uses unexpected schema
[183月2026 17:55:19.364] [Render thread/WARN] [net.minecraft.server.packs.VanillaPackResourcesBuilder/]: Assets URL 'union:/C:/Users/hp/.trident/cache/libraries/net/minecraft/client/1.21.1-20240808.144430/client-1.21.1-20240808.144430-srg.jar%23183!/data/.mcassetsroot' uses unexpected schema
[183月2026 17:55:19.388] [Render thread/INFO] [com.mojang.authlib.yggdrasil.YggdrasilAuthenticationService/]: Environment: Environment[sessionHost=https://sessionserver.mojang.com, servicesHost=https://api.minecraftservices.com, name=PROD]
[183月2026 17:55:19.399] [Render thread/INFO] [net.minecraft.client.Minecraft/]: Setting user: zhaodaxia
[183月2026 17:55:19.513] [Render thread/INFO] [net.minecraft.client.Minecraft/]: Backend library: LWJGL version 3.3.3+5
[183月2026 17:55:19.765] [modloading-worker-0/INFO] [net.neoforged.neoforge.common.NeoForgeMod/NEOFORGE-MOD]: NeoForge mod loading, version 21.1.220, for MC 1.21.1
[183月2026 17:55:19.885] [modloading-worker-0/INFO] [mezz.jei.library.load.PluginCaller/]: Sending ConfigManager...
[183月2026 17:55:19.889] [modloading-worker-0/INFO] [mezz.jei.library.load.PluginCaller/]: Sending ConfigManager took 1.964 milliseconds
[183月2026 17:55:20.022] [modloading-worker-0/INFO] [KubeJS/]: Loading vanilla registries...
[183月2026 17:55:20.038] [modloading-worker-0/INFO] [KubeJS/]: Looking for KubeJS plugins...
[183月2026 17:55:20.041] [modloading-worker-0/INFO] [KubeJS/]: Found plugin source kubejs
[183月2026 17:55:20.046] [modloading-worker-0/WARN] [KubeJS/]: Plugin dev.latvian.mods.kubejs.integration.architectury.ArchitecturyIntegration does not have required mod 'architectury' loaded, skipping
[183月2026 17:55:20.048] [modloading-worker-0/INFO] [KubeJS/]: Done in 7.998 ms
[183月2026 17:55:20.524] [modloading-worker-0/INFO] [KubeJS Startup/]: startup_scripts:main.js#2: Hello, World! (Loaded startup example script)
[183月2026 17:55:20.527] [modloading-worker-0/INFO] [KubeJS Startup/]: Loaded script startup_scripts:main.js in 0.036 s
[183月2026 17:55:20.529] [modloading-worker-0/INFO] [KubeJS Startup/]: Loaded 1/1 KubeJS startup scripts in 0.472 s with 0 errors and 0 warnings
[183月2026 17:55:20.581] [modloading-worker-0/INFO] [KubeJS Client/]: client_scripts:main.js#2: Hello, World! (Loaded client example script)
[183月2026 17:55:20.581] [modloading-worker-0/INFO] [KubeJS Client/]: Loaded script client_scripts:main.js in 0.001 s
[183月2026 17:55:20.582] [modloading-worker-0/INFO] [KubeJS Client/]: Loaded 1/1 KubeJS client scripts in 0.052 s with 0 errors and 0 warnings
[183月2026 17:55:20.586] [modloading-worker-0/INFO] [KubeJS Startup/]: Validated 0 files in kubejs/assets/ in 1ms
[183月2026 17:55:20.587] [modloading-worker-0/INFO] [KubeJS Startup/]: Validated 0 files in kubejs/data/ in 0ms
[183月2026 17:55:21.543] [Render thread/INFO] [net.minecraft.server.packs.resources.ReloadableResourceManager/]: Reloading ResourceManager: vanilla, KubeJS Virtual Resource Pack [Before Mods, assets], mod_resources, mod/rhino, mod/neoforge, mod/jei, KubeJS Virtual Resource Pack [Internal, assets], KubeJS Virtual Resource Pack [After Mods, assets], KubeJS File Resource Pack [assets], mod/kubejs, KubeJS Virtual Resource Pack [Last, assets]
[183月2026 17:55:21.646] [Worker-Main-3/INFO] [net.minecraft.client.gui.font.providers.UnihexProvider/]: Found unifont_all_no_pua-15.1.05.hex, loading
[183月2026 17:55:21.651] [Render thread/INFO] [KubeJS Client/]: Client resource reload complete!
[183月2026 17:55:21.858] [Worker-Main-9/INFO] [net.minecraft.client.gui.font.providers.UnihexProvider/]: Found unifont_jp_patch-15.1.05.hex, loading
[183月2026 17:55:21.864] [Render thread/INFO] [KubeJS/]: Started the local web server at http://localhost:61423
[183月2026 17:55:23.196] [Render thread/WARN] [net.minecraft.client.sounds.SoundEngine/]: Missing sound for event: minecraft:item.goat_horn.play
[183月2026 17:55:23.196] [Render thread/WARN] [net.minecraft.client.sounds.SoundEngine/]: Missing sound for event: minecraft:entity.goat.screaming.horn_break
[183月2026 17:55:23.565] [Render thread/INFO] [com.mojang.blaze3d.audio.Library/]: OpenAL initialized on device OpenAL Soft on 耳机 (HyperX Cloud III)
[183月2026 17:55:23.565] [Render thread/INFO] [net.minecraft.client.sounds.SoundEngine/SOUNDS]: Sound engine started
[183月2026 17:55:23.625] [Render thread/INFO] [net.minecraft.client.renderer.texture.TextureAtlas/]: Created: 1024x512x4 minecraft:textures/atlas/blocks.png-atlas
[183月2026 17:55:23.631] [Render thread/INFO] [net.minecraft.client.renderer.texture.TextureAtlas/]: Created: 256x256x4 minecraft:textures/atlas/signs.png-atlas
[183月2026 17:55:23.631] [Render thread/INFO] [net.minecraft.client.renderer.texture.TextureAtlas/]: Created: 512x512x4 minecraft:textures/atlas/banner_patterns.png-atlas
[183月2026 17:55:23.632] [Render thread/INFO] [net.minecraft.client.renderer.texture.TextureAtlas/]: Created: 512x512x4 minecraft:textures/atlas/shield_patterns.png-atlas
[183月2026 17:55:23.632] [Render thread/INFO] [net.minecraft.client.renderer.texture.TextureAtlas/]: Created: 1024x1024x4 minecraft:textures/atlas/armor_trims.png-atlas
[183月2026 17:55:23.634] [Render thread/INFO] [net.minecraft.client.renderer.texture.TextureAtlas/]: Created: 128x64x4 minecraft:textures/atlas/decorated_pot.png-atlas
[183月2026 17:55:23.634] [Render thread/INFO] [net.minecraft.client.renderer.texture.TextureAtlas/]: Created: 256x256x4 minecraft:textures/atlas/chest.png-atlas
[183月2026 17:55:23.634] [Render thread/INFO] [net.minecraft.client.renderer.texture.TextureAtlas/]: Created: 512x256x4 minecraft:textures/atlas/shulker_boxes.png-atlas
[183月2026 17:55:23.634] [Render thread/INFO] [net.minecraft.client.renderer.texture.TextureAtlas/]: Created: 512x256x4 minecraft:textures/atlas/beds.png-atlas
[183月2026 17:55:23.783] [Render thread/INFO] [net.minecraft.client.renderer.texture.TextureAtlas/]: Created: 512x256x0 minecraft:textures/atlas/particles.png-atlas
[183月2026 17:55:23.785] [Render thread/INFO] [net.minecraft.client.renderer.texture.TextureAtlas/]: Created: 512x256x0 minecraft:textures/atlas/paintings.png-atlas
[183月2026 17:55:23.786] [Render thread/INFO] [net.minecraft.client.renderer.texture.TextureAtlas/]: Created: 256x128x0 minecraft:textures/atlas/mob_effects.png-atlas
[183月2026 17:55:23.786] [Render thread/INFO] [net.minecraft.client.renderer.texture.TextureAtlas/]: Created: 64x64x0 minecraft:textures/atlas/map_decorations.png-atlas
[183月2026 17:55:23.786] [Render thread/INFO] [net.minecraft.client.renderer.texture.TextureAtlas/]: Created: 1024x512x0 minecraft:textures/atlas/gui.png-atlas
[183月2026 17:55:23.805] [Render thread/WARN] [net.minecraft.client.renderer.ShaderInstance/]: Shader rendertype_entity_translucent_emissive could not find sampler named Sampler2 in the specified shader program.
[183月2026 17:55:23.918] [Render thread/INFO] [net.neoforged.neoforge.client.entity.animation.json.AnimationLoader/]: Loaded 0 entity animations
[183月2026 17:55:23.918] [Render thread/INFO] [net.minecraft.client.renderer.texture.TextureAtlas/]: Created: 256x256x0 jei:textures/atlas/gui.png-atlas
[183月2026 17:55:31.289] [Render thread/INFO] [net.minecraft.client.Minecraft/]: Stopping!
