[183月2026 09:47:52.567] [main/INFO] [cpw.mods.modlauncher.Launcher/MODLAUNCHER]: ModLauncher running: args [--username, zhaodaxia, --version, 1.21.1, --gameDir, C:\Users\hp\.trident\instances\gene_hunter\build, --assetsDir, C:\Users\hp\.trident\cache\assets, --assetIndex, 17, --uuid, 8c2ba9e032a5063588dc756f50971af9, --accessToken, ❄❄❄❄❄❄❄❄, --userType, legacy, --versionType, Polymerium, --fml.neoForgeVersion, 21.1.220, --fml.fmlVersion, 4.0.42, --fml.mcVersion, 1.21.1, --fml.neoFormVersion, 20240808.144430, --launchTarget, forgeclient, --width, 1270, --height, 720, --quickPlayMultiplayer, ]
[183月2026 09:47:52.572] [main/INFO] [cpw.mods.modlauncher.Launcher/MODLAUNCHER]: JVM identified as Azul Systems, Inc. OpenJDK 64-Bit Server VM 21.0.8+9-LTS
[183月2026 09:47:52.574] [main/INFO] [cpw.mods.modlauncher.Launcher/MODLAUNCHER]: ModLauncher 11.0.5+main.901c6ea8 starting: java version 21.0.8 by Azul Systems, Inc.; OS Windows 11 arch amd64 version 10.0
[183月2026 09:47:52.672] [main/INFO] [net.neoforged.fml.loading.ImmediateWindowHandler/]: Loading ImmediateWindowProvider fmlearlywindow
[183月2026 09:47:52.966] [main/INFO] [EARLYDISPLAY/]: Trying GL version 4.6
[183月2026 09:47:53.162] [main/INFO] [EARLYDISPLAY/]: Requested GL version 4.6 got version 4.6
[183月2026 09:47:53.462] [main/INFO] [mixin/]: SpongePowered MIXIN Subsystem Version=0.8.7 Source=union:/C:/Users/hp/.trident/cache/libraries/net/fabricmc/sponge-mixin/0.15.2+mixin.0.8.7/sponge-mixin-0.15.2+mixin.0.8.7.jar%23159!/ Service=ModLauncher Env=CLIENT
[183月2026 09:47:53.753] [main/INFO] [net.neoforged.fml.loading.moddiscovery.ModDiscoverer/SCAN]: Found mod file "client-1.21.1-20240808.144430-srg.jar" [locator: production client provider +net.neoforged:neoforge:21.1.220:client]
[183月2026 09:47:53.753] [pool-2-thread-1/INFO] [EARLYDISPLAY/]: GL info: NVIDIA GeForce RTX 4060 Laptop GPU/PCIe/SSE2 GL version 4.6.0 NVIDIA 595.71, NVIDIA Corporation
[183月2026 09:47:53.772] [main/INFO] [net.neoforged.fml.loading.moddiscovery.ModDiscoverer/SCAN]: Found mod file "neoforge-21.1.220-universal.jar" [locator: PathBasedLocator[name=neoforge, paths=[C:\Users\hp\.trident\cache\libraries\net\neoforged\neoforge\21.1.220\neoforge-21.1.220-universal.jar]], reader: mod manifest]
[183月2026 09:47:53.789] [main/INFO] [net.neoforged.fml.loading.moddiscovery.ModDiscoverer/SCAN]: Found mod file "jei-1.21.1-neoforge-19.27.0.340.jar" [locator: {mods folder locator at C:\Users\hp\.trident\instances\gene_hunter\build\mods}, reader: mod manifest]
[183月2026 09:47:53.898] [main/INFO] [net.neoforged.fml.loading.moddiscovery.locators.JarInJarDependencyLocator/]: Found 2 dependencies adding them to mods collection
[183月2026 09:47:53.898] [main/INFO] [net.neoforged.fml.loading.moddiscovery.ModDiscoverer/SCAN]: Found gamelibrary file "mixinextras-neoforge-0.5.0.jar" [parent: neoforge-21.1.220-universal.jar, locator: jarinjar, reader: mod manifest]
[183月2026 09:47:53.898] [main/INFO] [net.neoforged.fml.loading.moddiscovery.ModDiscoverer/SCAN]: Found library file "net.neoforged.neoforge-coremods-21.1.220.jar" [parent: neoforge-21.1.220-universal.jar, locator: jarinjar, reader: mod manifest]
[183月2026 09:47:53.900] [main/INFO] [net.neoforged.fml.loading.moddiscovery.ModDiscoverer/]: 
     Mod List:
		Name Version (Mod Id)

		Just Enough Items 19.27.0.340 (jei)
		Minecraft 1.21.1 (minecraft)
		NeoForge 21.1.220 (neoforge)
[183月2026 09:47:54.232] [main/INFO] [cpw.mods.modlauncher.LaunchServiceHandler/MODLAUNCHER]: Launching target 'forgeclient' with arguments [--version, 1.21.1, --gameDir, C:\Users\hp\.trident\instances\gene_hunter\build, --assetsDir, C:\Users\hp\.trident\cache\assets, --uuid, 8c2ba9e032a5063588dc756f50971af9, --username, zhaodaxia, --assetIndex, 17, --accessToken, ❄❄❄❄❄❄❄❄, --userType, legacy, --versionType, Polymerium, --width, 1270, --height, 720, --quickPlayMultiplayer, ]
[183月2026 09:47:55.549] [Datafixer Bootstrap/INFO] [com.mojang.datafixers.DataFixerBuilder/]: 229 Datafixer optimizations took 344 milliseconds
[183月2026 09:47:55.731] [pool-7-thread-1/INFO] [MixinExtras|Service/]: Initializing MixinExtras via com.llamalad7.mixinextras.service.MixinExtrasServiceImpl(version=0.5.0).
[183月2026 09:48:00.440] [Render thread/WARN] [net.minecraft.server.packs.VanillaPackResourcesBuilder/]: Assets URL 'union:/C:/Users/hp/.trident/cache/libraries/net/minecraft/client/1.21.1-20240808.144430/client-1.21.1-20240808.144430-srg.jar%23181!/assets/.mcassetsroot' uses unexpected schema
[183月2026 09:48:00.440] [Render thread/WARN] [net.minecraft.server.packs.VanillaPackResourcesBuilder/]: Assets URL 'union:/C:/Users/hp/.trident/cache/libraries/net/minecraft/client/1.21.1-20240808.144430/client-1.21.1-20240808.144430-srg.jar%23181!/data/.mcassetsroot' uses unexpected schema
[183月2026 09:48:00.463] [Render thread/INFO] [com.mojang.authlib.yggdrasil.YggdrasilAuthenticationService/]: Environment: Environment[sessionHost=https://sessionserver.mojang.com, servicesHost=https://api.minecraftservices.com, name=PROD]
[183月2026 09:48:00.473] [Render thread/INFO] [net.minecraft.client.Minecraft/]: Setting user: zhaodaxia
[183月2026 09:48:00.532] [Render thread/INFO] [net.minecraft.client.Minecraft/]: Backend library: LWJGL version 3.3.3+5
[183月2026 09:48:00.750] [modloading-worker-0/INFO] [net.neoforged.neoforge.common.NeoForgeMod/NEOFORGE-MOD]: NeoForge mod loading, version 21.1.220, for MC 1.21.1
[183月2026 09:48:00.809] [modloading-worker-0/INFO] [mezz.jei.library.load.PluginCaller/]: Sending ConfigManager...
[183月2026 09:48:00.815] [modloading-worker-0/INFO] [mezz.jei.library.load.PluginCaller/]: Sending ConfigManager took 3.265 milliseconds
[183月2026 09:48:01.818] [Render thread/INFO] [net.minecraft.server.packs.resources.ReloadableResourceManager/]: Reloading ResourceManager: vanilla, mod_resources, mod/neoforge, mod/jei
[183月2026 09:48:01.891] [Worker-Main-13/INFO] [net.minecraft.client.gui.font.providers.UnihexProvider/]: Found unifont_all_no_pua-15.1.05.hex, loading
[183月2026 09:48:02.028] [Worker-Main-11/INFO] [net.minecraft.client.gui.font.providers.UnihexProvider/]: Found unifont_jp_patch-15.1.05.hex, loading
[183月2026 09:48:03.431] [Render thread/WARN] [net.minecraft.client.sounds.SoundEngine/]: Missing sound for event: minecraft:item.goat_horn.play
[183月2026 09:48:03.431] [Render thread/WARN] [net.minecraft.client.sounds.SoundEngine/]: Missing sound for event: minecraft:entity.goat.screaming.horn_break
[183月2026 09:48:03.812] [Render thread/INFO] [com.mojang.blaze3d.audio.Library/]: OpenAL initialized on device OpenAL Soft on 耳机 (HyperX Cloud III)
[183月2026 09:48:03.813] [Render thread/INFO] [net.minecraft.client.sounds.SoundEngine/SOUNDS]: Sound engine started
[183月2026 09:48:03.932] [Render thread/INFO] [net.minecraft.client.renderer.texture.TextureAtlas/]: Created: 1024x512x4 minecraft:textures/atlas/blocks.png-atlas
[183月2026 09:48:03.940] [Render thread/INFO] [net.minecraft.client.renderer.texture.TextureAtlas/]: Created: 256x256x4 minecraft:textures/atlas/signs.png-atlas
[183月2026 09:48:03.940] [Render thread/INFO] [net.minecraft.client.renderer.texture.TextureAtlas/]: Created: 512x512x4 minecraft:textures/atlas/shield_patterns.png-atlas
[183月2026 09:48:03.940] [Render thread/INFO] [net.minecraft.client.renderer.texture.TextureAtlas/]: Created: 512x512x4 minecraft:textures/atlas/banner_patterns.png-atlas
[183月2026 09:48:03.941] [Render thread/INFO] [net.minecraft.client.renderer.texture.TextureAtlas/]: Created: 1024x1024x4 minecraft:textures/atlas/armor_trims.png-atlas
[183月2026 09:48:03.943] [Render thread/INFO] [net.minecraft.client.renderer.texture.TextureAtlas/]: Created: 256x256x4 minecraft:textures/atlas/chest.png-atlas
[183月2026 09:48:03.944] [Render thread/INFO] [net.minecraft.client.renderer.texture.TextureAtlas/]: Created: 128x64x4 minecraft:textures/atlas/decorated_pot.png-atlas
[183月2026 09:48:03.944] [Render thread/INFO] [net.minecraft.client.renderer.texture.TextureAtlas/]: Created: 512x256x4 minecraft:textures/atlas/shulker_boxes.png-atlas
[183月2026 09:48:03.944] [Render thread/INFO] [net.minecraft.client.renderer.texture.TextureAtlas/]: Created: 512x256x4 minecraft:textures/atlas/beds.png-atlas
[183月2026 09:48:04.094] [Render thread/INFO] [net.minecraft.client.renderer.texture.TextureAtlas/]: Created: 512x256x0 minecraft:textures/atlas/particles.png-atlas
[183月2026 09:48:04.096] [Render thread/INFO] [net.minecraft.client.renderer.texture.TextureAtlas/]: Created: 512x256x0 minecraft:textures/atlas/paintings.png-atlas
[183月2026 09:48:04.096] [Render thread/INFO] [net.minecraft.client.renderer.texture.TextureAtlas/]: Created: 256x128x0 minecraft:textures/atlas/mob_effects.png-atlas
[183月2026 09:48:04.097] [Render thread/INFO] [net.minecraft.client.renderer.texture.TextureAtlas/]: Created: 64x64x0 minecraft:textures/atlas/map_decorations.png-atlas
[183月2026 09:48:04.097] [Render thread/INFO] [net.minecraft.client.renderer.texture.TextureAtlas/]: Created: 1024x512x0 minecraft:textures/atlas/gui.png-atlas
[183月2026 09:48:04.227] [Render thread/WARN] [net.minecraft.client.renderer.ShaderInstance/]: Shader rendertype_entity_translucent_emissive could not find sampler named Sampler2 in the specified shader program.
[183月2026 09:48:04.514] [Render thread/INFO] [net.neoforged.neoforge.client.entity.animation.json.AnimationLoader/]: Loaded 0 entity animations
[183月2026 09:48:04.514] [Render thread/INFO] [net.minecraft.client.renderer.texture.TextureAtlas/]: Created: 256x256x0 jei:textures/atlas/gui.png-atlas
[183月2026 09:48:09.776] [Render thread/INFO] [net.minecraft.server.packs.resources.ReloadableResourceManager/]: Reloading ResourceManager: vanilla, mod_resources, mod/neoforge, mod/jei
[183月2026 09:48:09.779] [Worker-Main-13/INFO] [net.minecraft.client.gui.font.providers.UnihexProvider/]: Found unifont_all_no_pua-15.1.05.hex, loading
[183月2026 09:48:09.837] [Worker-Main-8/INFO] [net.minecraft.client.gui.font.providers.UnihexProvider/]: Found unifont_jp_patch-15.1.05.hex, loading
[183月2026 09:48:10.437] [Render thread/WARN] [net.minecraft.client.sounds.SoundEngine/]: Missing sound for event: minecraft:item.goat_horn.play
[183月2026 09:48:10.437] [Render thread/WARN] [net.minecraft.client.sounds.SoundEngine/]: Missing sound for event: minecraft:entity.goat.screaming.horn_break
[183月2026 09:48:10.753] [Render thread/INFO] [com.mojang.blaze3d.audio.Library/]: OpenAL initialized on device OpenAL Soft on 耳机 (HyperX Cloud III)
[183月2026 09:48:10.753] [Render thread/INFO] [net.minecraft.client.sounds.SoundEngine/SOUNDS]: Sound engine started
[183月2026 09:48:10.808] [Render thread/INFO] [net.minecraft.client.renderer.texture.TextureAtlas/]: Created: 1024x512x4 minecraft:textures/atlas/blocks.png-atlas
[183月2026 09:48:10.811] [Render thread/INFO] [net.minecraft.client.renderer.texture.TextureAtlas/]: Created: 256x256x4 minecraft:textures/atlas/signs.png-atlas
[183月2026 09:48:10.811] [Render thread/INFO] [net.minecraft.client.renderer.texture.TextureAtlas/]: Created: 512x512x4 minecraft:textures/atlas/shield_patterns.png-atlas
[183月2026 09:48:10.811] [Render thread/INFO] [net.minecraft.client.renderer.texture.TextureAtlas/]: Created: 512x512x4 minecraft:textures/atlas/banner_patterns.png-atlas
[183月2026 09:48:10.811] [Render thread/INFO] [net.minecraft.client.renderer.texture.TextureAtlas/]: Created: 1024x1024x4 minecraft:textures/atlas/armor_trims.png-atlas
[183月2026 09:48:10.813] [Render thread/INFO] [net.minecraft.client.renderer.texture.TextureAtlas/]: Created: 256x256x4 minecraft:textures/atlas/chest.png-atlas
[183月2026 09:48:10.814] [Render thread/INFO] [net.minecraft.client.renderer.texture.TextureAtlas/]: Created: 128x64x4 minecraft:textures/atlas/decorated_pot.png-atlas
[183月2026 09:48:10.814] [Render thread/INFO] [net.minecraft.client.renderer.texture.TextureAtlas/]: Created: 512x256x4 minecraft:textures/atlas/shulker_boxes.png-atlas
[183月2026 09:48:10.814] [Render thread/INFO] [net.minecraft.client.renderer.texture.TextureAtlas/]: Created: 512x256x4 minecraft:textures/atlas/beds.png-atlas
[183月2026 09:48:10.819] [Render thread/INFO] [net.minecraft.client.renderer.texture.TextureAtlas/]: Created: 512x256x0 minecraft:textures/atlas/particles.png-atlas
[183月2026 09:48:10.820] [Render thread/INFO] [net.minecraft.client.renderer.texture.TextureAtlas/]: Created: 512x256x0 minecraft:textures/atlas/paintings.png-atlas
[183月2026 09:48:10.820] [Render thread/INFO] [net.minecraft.client.renderer.texture.TextureAtlas/]: Created: 256x128x0 minecraft:textures/atlas/mob_effects.png-atlas
[183月2026 09:48:10.820] [Render thread/INFO] [net.minecraft.client.renderer.texture.TextureAtlas/]: Created: 64x64x0 minecraft:textures/atlas/map_decorations.png-atlas
[183月2026 09:48:10.820] [Render thread/INFO] [net.minecraft.client.renderer.texture.TextureAtlas/]: Created: 1024x512x0 minecraft:textures/atlas/gui.png-atlas
[183月2026 09:48:10.832] [Render thread/WARN] [net.minecraft.client.renderer.ShaderInstance/]: Shader rendertype_entity_translucent_emissive could not find sampler named Sampler2 in the specified shader program.
[183月2026 09:48:10.862] [Render thread/INFO] [net.neoforged.neoforge.client.entity.animation.json.AnimationLoader/]: Loaded 0 entity animations
[183月2026 09:48:10.862] [Render thread/INFO] [net.minecraft.client.renderer.texture.TextureAtlas/]: Created: 256x256x0 jei:textures/atlas/gui.png-atlas
[183月2026 09:48:15.501] [Render thread/INFO] [net.minecraft.world.item.crafting.RecipeManager/]: Loaded 1290 recipes
[183月2026 09:48:15.618] [Render thread/INFO] [net.minecraft.advancements.AdvancementTree/]: Loaded 1399 advancements
[183月2026 09:48:17.143] [Server thread/INFO] [net.minecraft.client.server.IntegratedServer/]: Starting integrated minecraft server version 1.21.1
[183月2026 09:48:17.143] [Server thread/INFO] [net.minecraft.server.MinecraftServer/]: Generating keypair
[183月2026 09:48:20.613] [Server thread/INFO] [net.minecraft.server.MinecraftServer/]: Preparing start region for dimension minecraft:overworld
[183月2026 09:48:20.643] [Render thread/INFO] [net.minecraft.server.level.progress.LoggerChunkProgressListener/]: 准备生成区域中：2%
[183月2026 09:48:21.128] [Render thread/INFO] [net.minecraft.server.level.progress.LoggerChunkProgressListener/]: 准备生成区域中：2%
[183月2026 09:48:21.626] [Render thread/INFO] [net.minecraft.server.level.progress.LoggerChunkProgressListener/]: 准备生成区域中：18%
[183月2026 09:48:22.157] [Render thread/INFO] [net.minecraft.server.level.progress.LoggerChunkProgressListener/]: 准备生成区域中：18%
[183月2026 09:48:22.642] [Render thread/INFO] [net.minecraft.server.level.progress.LoggerChunkProgressListener/]: 准备生成区域中：51%
[183月2026 09:48:22.813] [Server thread/INFO] [net.neoforged.neoforge.server.permission.PermissionAPI/]: Successfully initialized permission handler neoforge:default_handler
[183月2026 09:48:22.826] [Render thread/INFO] [net.minecraft.server.level.progress.LoggerChunkProgressListener/]: Time elapsed: 2201 ms
[183月2026 09:48:22.854] [Server thread/INFO] [net.minecraft.client.server.IntegratedServer/]: Changing view distance to 12, from 10
[183月2026 09:48:22.854] [Server thread/INFO] [net.minecraft.client.server.IntegratedServer/]: Changing simulation distance to 12, from 0
[183月2026 09:48:23.439] [Server thread/INFO] [net.minecraft.server.players.PlayerList/]: zhaodaxia[local:E:953a6757] logged in with entity id 42 at (-1.5, 68.0, -5.5)
[183月2026 09:48:23.517] [Server thread/INFO] [net.minecraft.server.MinecraftServer/]: zhaodaxia加入了游戏
[183月2026 09:48:23.596] [Render thread/INFO] [mezz.jei.core.util.LoggedTimer/]: Starting JEI...
[183月2026 09:48:23.605] [Render thread/INFO] [mezz.jei.library.load.PluginCaller/]: Registering item subtypes...
[183月2026 09:48:23.611] [Render thread/INFO] [mezz.jei.library.load.PluginCaller/]: Registering item subtypes took 5.905 milliseconds
[183月2026 09:48:23.611] [Render thread/INFO] [mezz.jei.library.load.PluginCaller/]: Registering fluid subtypes...
[183月2026 09:48:23.613] [Render thread/INFO] [mezz.jei.library.load.PluginCaller/]: Registering fluid subtypes took 1.450 milliseconds
[183月2026 09:48:23.615] [Render thread/INFO] [mezz.jei.library.load.PluginCaller/]: Registering ingredients...
[183月2026 09:48:23.703] [Render thread/INFO] [mezz.jei.library.load.PluginCallerTimerRunnable/]: Registering ingredients: jei:minecraft took 86.46 milliseconds
[183月2026 09:48:23.703] [Render thread/INFO] [mezz.jei.library.load.PluginCaller/]: Registering ingredients took 87.35 milliseconds
[183月2026 09:48:23.703] [Render thread/INFO] [mezz.jei.library.load.PluginCaller/]: Registering extra ingredients...
[183月2026 09:48:23.705] [Render thread/INFO] [mezz.jei.library.load.PluginCaller/]: Registering extra ingredients took 358.7 microseconds
[183月2026 09:48:23.705] [Render thread/INFO] [mezz.jei.library.load.PluginCaller/]: Registering search ingredient aliases...
[183月2026 09:48:23.706] [Render thread/INFO] [mezz.jei.library.load.PluginCaller/]: Registering search ingredient aliases took 635.8 microseconds
[183月2026 09:48:23.735] [Render thread/INFO] [mezz.jei.library.load.PluginCaller/]: Registering Mod Info...
[183月2026 09:48:23.735] [Render thread/INFO] [mezz.jei.library.load.PluginCaller/]: Registering Mod Info took 322.7 microseconds
[183月2026 09:48:23.748] [Render thread/INFO] [mezz.jei.library.load.PluginCaller/]: Registering categories...
[183月2026 09:48:23.761] [Render thread/INFO] [mezz.jei.library.load.PluginCallerTimerRunnable/]: Registering categories: jei:minecraft took 14.06 milliseconds
[183月2026 09:48:23.763] [Render thread/INFO] [mezz.jei.library.load.PluginCaller/]: Registering categories took 15.14 milliseconds
[183月2026 09:48:23.764] [Render thread/INFO] [mezz.jei.library.load.PluginCaller/]: Registering vanilla category extensions...
[183月2026 09:48:23.767] [Render thread/INFO] [mezz.jei.library.load.PluginCaller/]: Registering vanilla category extensions took 2.740 milliseconds
[183月2026 09:48:23.768] [Render thread/INFO] [mezz.jei.library.load.PluginCaller/]: Registering recipe catalysts...
[183月2026 09:48:23.769] [Render thread/INFO] [mezz.jei.library.load.PluginCaller/]: Registering recipe catalysts took 728.7 microseconds
[183月2026 09:48:23.769] [Render thread/INFO] [mezz.jei.core.util.LoggedTimer/]: Building recipe registry...
[183月2026 09:48:23.780] [Render thread/INFO] [mezz.jei.core.util.LoggedTimer/]: Building recipe registry took 11.78 milliseconds
[183月2026 09:48:23.783] [Render thread/INFO] [mezz.jei.library.load.PluginCaller/]: Registering advanced plugins...
[183月2026 09:48:23.783] [Render thread/INFO] [mezz.jei.library.load.PluginCaller/]: Registering advanced plugins took 307.0 microseconds
[183月2026 09:48:23.784] [Render thread/INFO] [mezz.jei.library.load.PluginCaller/]: Registering recipes...
[183月2026 09:48:23.913] [Render thread/INFO] [mezz.jei.library.load.PluginCallerTimerRunnable/]: Registering recipes: jei:minecraft took 128.8 milliseconds
[183月2026 09:48:23.913] [Render thread/INFO] [mezz.jei.library.load.PluginCaller/]: Registering recipes took 129.3 milliseconds
[183月2026 09:48:23.918] [Render thread/INFO] [mezz.jei.library.load.PluginCaller/]: Registering recipes transfer handlers...
[183月2026 09:48:23.921] [Render thread/INFO] [mezz.jei.library.load.PluginCaller/]: Registering recipes transfer handlers took 1.983 milliseconds
[183月2026 09:48:23.924] [Render thread/INFO] [mezz.jei.core.util.LoggedTimer/]: Building runtime...
[183月2026 09:48:23.928] [Render thread/INFO] [mezz.jei.library.load.PluginCaller/]: Registering gui handlers...
[183月2026 09:48:23.934] [Render thread/INFO] [mezz.jei.library.load.PluginCaller/]: Registering gui handlers took 6.066 milliseconds
[183月2026 09:48:23.936] [Render thread/INFO] [mezz.jei.library.load.PluginCaller/]: Registering Runtime...
[183月2026 09:48:23.937] [Render thread/INFO] [mezz.jei.gui.startup.JeiGuiStarter/]: Starting JEI GUI
[183月2026 09:48:23.938] [Render thread/INFO] [mezz.jei.core.util.LoggedTimer/]: Building ingredient list...
[183月2026 09:48:23.951] [Render thread/INFO] [mezz.jei.core.util.LoggedTimer/]: Building ingredient list took 13.57 milliseconds
[183月2026 09:48:23.952] [Render thread/INFO] [mezz.jei.core.util.LoggedTimer/]: Building ingredient filter...
[183月2026 09:48:23.978] [Render thread/INFO] [mezz.jei.gui.ingredients.IngredientFilter/]: Adding 1688 ingredients
[183月2026 09:48:24.109] [Render thread/INFO] [mezz.jei.gui.ingredients.IngredientFilter/]: Added 1688 ingredients
[183月2026 09:48:24.109] [Render thread/INFO] [mezz.jei.core.util.LoggedTimer/]: Building ingredient filter took 157.8 milliseconds
[183月2026 09:48:24.174] [Render thread/INFO] [mezz.jei.library.load.PluginCallerTimerRunnable/]: Registering Runtime: jei:neoforge_gui took 237.4 milliseconds
[183月2026 09:48:24.174] [Render thread/INFO] [mezz.jei.library.load.PluginCaller/]: Registering Runtime took 238.0 milliseconds
[183月2026 09:48:24.175] [Render thread/INFO] [mezz.jei.core.util.LoggedTimer/]: Building runtime took 250.6 milliseconds
[183月2026 09:48:24.175] [Render thread/INFO] [mezz.jei.library.load.PluginCaller/]: Sending Runtime...
[183月2026 09:48:24.175] [Render thread/INFO] [mezz.jei.library.load.PluginCaller/]: Sending Runtime took 266.0 microseconds
[183月2026 09:48:24.175] [Render thread/INFO] [mezz.jei.core.util.LoggedTimer/]: Starting JEI took 578.7 milliseconds
[183月2026 09:48:24.188] [Render thread/INFO] [net.minecraft.advancements.AdvancementTree/]: Loaded 2 advancements
[183月2026 09:48:24.516] [Server thread/INFO] [net.minecraft.client.server.IntegratedServer/]: Saving and pausing game...
[183月2026 09:48:24.551] [Server thread/INFO] [net.minecraft.server.MinecraftServer/]: Saving chunks for level 'ServerLevel[新的世界]'/minecraft:overworld
[183月2026 09:48:24.562] [Server thread/INFO] [net.minecraft.server.MinecraftServer/]: Saving chunks for level 'ServerLevel[新的世界]'/minecraft:the_end
[183月2026 09:48:24.562] [Server thread/INFO] [net.minecraft.server.MinecraftServer/]: Saving chunks for level 'ServerLevel[新的世界]'/minecraft:the_nether
